// Vitest Snapshot v1, https://vitest.dev/guide/snapshot.html

exports[`Header > matches snapshot 1`] = `"<header class="border-b border-b-secondary flex items-center justify-between pr-4"><div class="flex items-center text-muted-foreground gap-1"><img src="/logo.svg" alt="logo" class="size-14"><span>led-matrix-webapp</span></div><a href="/api/state" class="text-secondary">v0.0.0</a></header>"`;
