// Vitest Snapshot v1, https://vitest.dev/guide/snapshot.html

exports[`InputWrapper > matches snapshot 1`] = `"<div class="flex border border-secondary rounded-md items-center justify-between py-3 px-4 relative"><label class="size-full absolute left-0"></label><span class="text-muted-foreground">test title</span><div>child content</div></div>"`;
